<?xml version="1.0"?>
<testsuite name="Chrome 67.0.3396 (Windows 10.0.0)" package="" timestamp="2018-07-23T14:19:38" id="0" hostname="USHYDVUSUNKARA1" tests="29" errors="0" failures="0" time="6.141">
  <properties>
    <property name="browser.fullName" value="Mozilla/5.0 (Windows NT 10.0; Win64; x64) AppleWebKit/537.36 (KHTML, like Gecko) Chrome/67.0.3396.99 Safari/537.36"/>
  </properties>
  <testcase name="AppComponent should create the app" time="0.624" classname="AppComponent"/>
  <testcase name="AppComponent should have as title 'app'" time="0.502" classname="AppComponent"/>
  <testcase name="AppComponent should render title in a h1 tag" time="0.659" classname="AppComponent"/>
  <testcase name="CreatesupportrequestComponent should create" time="0.523" classname="CreatesupportrequestComponent"/>
  <testcase name="CreatesupportrequestComponent should check ngOnInit" time="0.369" classname="CreatesupportrequestComponent"/>
  <testcase name="CreatesupportrequestComponent should check ngOnInit - error scenario" time="0.414" classname="CreatesupportrequestComponent"/>
  <testcase name="CreatesupportrequestComponent should check ngOnDestroy" time="0.536" classname="CreatesupportrequestComponent"/>
  <testcase name="HeaderComponent should create" time="0.456" classname="HeaderComponent"/>
  <testcase name="KbsearchComponent should create" time="0.044" classname="KbsearchComponent"/>
  <testcase name="KbsearchComponent should check ngOnInit" time="0.039" classname="KbsearchComponent"/>
  <testcase name="KbsearchComponent should check ngOnInit - KBArticleList is empty" time="0.032" classname="KbsearchComponent"/>
  <testcase name="KbsearchComponent should check onKey - value length > 2" time="0.041" classname="KbsearchComponent"/>
  <testcase name="KbsearchComponent should check onKey - value length &lt;= 2" time="0.04" classname="KbsearchComponent"/>
  <testcase name="KbsearchComponent should check fromEvent" time="0.06" classname="KbsearchComponent"/>
  <testcase name="KBArticleContainerComponent should create" time="0.037" classname="KBArticleContainerComponent"/>
  <testcase name="KBArticleContainerComponent should check ngOnInit - KBArticleList$" time="0.031" classname="KBArticleContainerComponent"/>
  <testcase name="KBArticleContainerComponent should check ngOnInit - onDescriptionChange$" time="0.025" classname="KBArticleContainerComponent"/>
  <testcase name="KBArticleContainerComponent should check ngAfterViewInit" time="0.025" classname="KBArticleContainerComponent"/>
  <testcase name="KBArticleContainerComponent should check ngOnDestroy" time="0.029" classname="KBArticleContainerComponent"/>
  <testcase name="ProductInfoFormComponent should create" time="0.346" classname="ProductInfoFormComponent"/>
  <testcase name="ProductInfoFormComponent should changeEmcData" time="0.36" classname="ProductInfoFormComponent"/>
  <testcase name="ProductInfoFormComponent should check onFormDataSubmit" time="0.475" classname="ProductInfoFormComponent"/>
  <testcase name="ProductInfoFormComponent should check fromEvent" time="0.407" classname="ProductInfoFormComponent"/>
  <testcase name="DataApiService should be created" time="0.015" classname="DataApiService"/>
  <testcase name="DataApiService should check getKBProductInfo" time="0.017" classname="DataApiService"/>
  <testcase name="DataApiService should check getKBArticleList - data available" time="0.007" classname="DataApiService"/>
  <testcase name="DataApiService should check getKBArticleList - data not available" time="0.01" classname="DataApiService"/>
  <testcase name="DataApiService should check getSearchToken - data available" time="0.014" classname="DataApiService"/>
  <testcase name="DataApiService should check getSearchToken - data not available" time="0.004" classname="DataApiService"/>
  <system-out>
    <![CDATA[Chrome 67.0.3396 (Windows 10.0.0) ERROR: 'Error during cleanup of component', Object{component: AppComponent{dataService: DataApiService{http: ..., KBArticleList$: ..., onDescriptionChange$: ..., searchToken: ...}, title: 'app'}, stacktrace: TypeError{ngDebugContext: DebugContext_{view: ..., nodeIndex: ..., nodeDef: ..., elDef: ..., elView: ...}, ngErrorLogger: function () { ... }}}
,Chrome 67.0.3396 (Windows 10.0.0) ERROR: 'Error during cleanup of component', Object{component: AppComponent{dataService: DataApiService{http: ..., KBArticleList$: ..., onDescriptionChange$: ..., searchToken: ...}, title: 'app'}, stacktrace: TypeError{ngDebugContext: DebugContext_{view: ..., nodeIndex: ..., nodeDef: ..., elDef: ..., elView: ...}, ngErrorLogger: function () { ... }}}

]]>
  </system-out>
  <system-err/>
</testsuite>